19/09/2025,22:20:57,20250919 90-35 Reprint,,60101,Log File Created
19/09/2025,22:20:57,20250919 90-35 Reprint,,60104,Software Version,2.1.20079.01
19/09/2025,22:20:57,20250919 90-35 Reprint,,60105,Console Version,10.2.20286.1
19/09/2025,22:20:57,20250919 90-35 Reprint,,60106,Controller Version,24.00.20200916
19/09/2025,22:20:57,20250919 90-35 Reprint,,60107,User Name,Canterbury
19/09/2025,22:20:57,20250919 90-35 Reprint,,60108,Computer Name,DESKTOP-FOFC6BR
19/09/2025,22:20:57,20250919 90-35 Reprint,,60109,System Name,
19/09/2025,22:20:57,20250919 90-35 Reprint,,60110,Frame Serial Number (System ID),E3BMTB23326
19/09/2025,22:21:53,20250919 90-35 Reprint,Test1,60110,Test Started
19/09/2025,22:21:53,20250919 90-35 Reprint,Test1,60300,Tuning Settings (Linear) - Load String Stiffness(N/mm) = 158.372
19/09/2025,22:21:53,20250919 90-35 Reprint,Test1,60300,Tuning Settings (Linear:Position) - Stiffness Based Tuning state = FixedTuning  
19/09/2025,22:21:53,20250919 90-35 Reprint,Test1,60300,Tuning Settings (Linear:Load) - Stiffness Based Tuning state = AutoTuned  : Optimized Gain(dB) = 0.0 
19/09/2025,22:21:53,20250919 90-35 Reprint,Test1,60300,Tuning Settings (Linear:Digital Position) - Stiffness Based Tuning state = AutoTuned  : Optimized Gain(dB) = 0.0 
19/09/2025,22:38:52,20250919 90-35 Reprint,Test1,60205,Test Status,Test Ended by User
19/09/2025,22:38:52,20250919 90-35 Reprint,Test1,60120,Total Time,1018.419
19/09/2025,22:38:52,20250919 90-35 Reprint,Test1,60121,Total Cycle Count(Linear Waveform),1000
19/09/2025,22:38:52,20250919 90-35 Reprint,Test1,60122,Step,4,Step 4
19/09/2025,22:38:52,20250919 90-35 Reprint,Test1,60123,Loop 1,1
19/09/2025,22:38:52,20250919 90-35 Reprint,Test1,62000,SHA-256,Test1.steps.tracking.csv,724E9F9A41027A5F6D47E22F1C40FC881EB0992DCFBEEC271360DA2063C2AABD
19/09/2025,22:38:52,20250919 90-35 Reprint,Test1,62000,SHA-256,Test1.steps.trends.csv,B99837B9FD9A86A4C44B99EA304272AC29F65C05D1B288E6294CC71B081EFF7A
19/09/2025,22:38:52,20250919 90-35 Reprint,Test1,62000,SHA-256,Test1.Stop.csv,8C58B509272510102B9CA81461FB76C078C360C84B344F98484B69EA6B2C66DC
19/09/2025,22:38:52,20250919 90-35 Reprint,Test1,60112,Test Finished
19/09/2025,22:38:54,20250919 90-35 Reprint,Test2,60103,Closed
