03/10/2025,15:29:36,20251003 90-50 Reprint,,60101,Log File Created
03/10/2025,15:29:36,20251003 90-50 Reprint,,60104,Software Version,2.1.20079.01
03/10/2025,15:29:36,20251003 90-50 Reprint,,60105,Console Version,10.2.20286.1
03/10/2025,15:29:36,20251003 90-50 Reprint,,60106,Controller Version,24.00.20200916
03/10/2025,15:29:36,20251003 90-50 Reprint,,60107,User Name,Canterbury
03/10/2025,15:29:36,20251003 90-50 Reprint,,60108,Computer Name,DESKTOP-FOFC6BR
03/10/2025,15:29:36,20251003 90-50 Reprint,,60109,System Name,
03/10/2025,15:29:36,20251003 90-50 Reprint,,60110,Frame Serial Number (System ID),E3BMTB23326
03/10/2025,15:29:48,20251003 90-50 Reprint,Test1,60110,Test Started
03/10/2025,15:29:48,20251003 90-50 Reprint,Test1,60300,Tuning Settings (Linear) - Load String Stiffness(N/mm) = 379.977
03/10/2025,15:29:48,20251003 90-50 Reprint,Test1,60300,Tuning Settings (Linear:Position) - Stiffness Based Tuning state = FixedTuning  
03/10/2025,15:29:48,20251003 90-50 Reprint,Test1,60300,Tuning Settings (Linear:Load) - Stiffness Based Tuning state = AutoTuned  : Optimized Gain(dB) = 0.0 
03/10/2025,15:29:48,20251003 90-50 Reprint,Test1,60300,Tuning Settings (Linear:Digital Position) - Stiffness Based Tuning state = AutoTuned  : Optimized Gain(dB) = 0.0 
03/10/2025,15:46:38,20251003 90-50 Reprint,Test1,60205,Test Status,Test Ended by User
03/10/2025,15:46:38,20251003 90-50 Reprint,Test1,60120,Total Time,1009.407
03/10/2025,15:46:38,20251003 90-50 Reprint,Test1,60121,Total Cycle Count(Linear Waveform),1000
03/10/2025,15:46:38,20251003 90-50 Reprint,Test1,60122,Step,4,Step 4
03/10/2025,15:46:38,20251003 90-50 Reprint,Test1,60123,Loop 1,1
03/10/2025,15:46:38,20251003 90-50 Reprint,Test1,62000,SHA-256,Test1.steps.tracking.csv,FA5BE6DDF95FF89028693614E559D5F54CDFE2E4F568A23756566873327384D4
03/10/2025,15:46:38,20251003 90-50 Reprint,Test1,62000,SHA-256,Test1.steps.trends.csv,4D4D28F3A258D8FC106D7D3E3E7D6D37D3B65D7FABD9E57949DD760601500EFF
03/10/2025,15:46:38,20251003 90-50 Reprint,Test1,62000,SHA-256,Test1.Stop.csv,41A0507E622061682F7EEF46A8A48BD1B66B3EC619D72A8A6BD1FD7C85C67174
03/10/2025,15:46:38,20251003 90-50 Reprint,Test1,60112,Test Finished
03/10/2025,15:46:42,20251003 90-50 Reprint,Test2,60103,Closed
